// Jest Snapshot v1, https://goo.gl/fbAQLP

exports[`type_aliases.js 1`] = `
====================================options=====================================
parsers: ["flow"]
printWidth: 80
                                                                                | printWidth
=====================================input======================================
type $jsx<C> = React$Element<C>;

=====================================output=====================================
type $jsx<C> = React$Element<C>;

================================================================================
`;
