// Jest Snapshot v1, https://goo.gl/fbAQLP

exports[`tests-compare/fixtures/babel/packages/babel-parser/test/fixtures/typescript/class/optional-async-error/input.js
Options: {"parser":"typescript"} 1`] = `
Object {
  "error": [SyntaxError: ';' expected. (3:12)
  1 | class B { }
  2 | class A extends B {
> 3 |     async? method(val: string): Promise<void>;
    |            ^
  4 | }],
  "input": "class B { }
class A extends B {
    async? method(val: string): Promise<void>;
}",
  "options": Object {
    "parser": "typescript",
  },
}
`;
