// Jest Snapshot v1, https://goo.gl/fbAQLP

exports[`a.js 1`] = `
====================================options=====================================
parsers: ["flow"]
printWidth: 80
                                                                                | printWidth
=====================================input======================================
/* @flow
 * @providesModule A */

(0: string);

=====================================output=====================================
/* @flow
 * @providesModule A */

(0: string);

================================================================================
`;
