// Jest Snapshot v1, https://goo.gl/fbAQLP

exports[`recompose.js 1`] = `
====================================options=====================================
parsers: ["flow"]
printWidth: 80
                                                                                | printWidth
=====================================input======================================
declare module 'recompose' {
  declare export var compose: $Compose;
}

=====================================output=====================================
declare module "recompose" {
  declare export var compose: $Compose;
}

================================================================================
`;
