// Jest Snapshot v1, https://goo.gl/fbAQLP

exports[`unparsed.js 1`] = `
====================================options=====================================
parsers: ["flow"]
printWidth: 80
                                                                                | printWidth
=====================================input======================================
var x = 123;

=====================================output=====================================
var x = 123;

================================================================================
`;
