// Jest Snapshot v1, https://goo.gl/fbAQLP

exports[`dupe1.js 1`] = `
====================================options=====================================
parsers: ["flow"]
printWidth: 80
                                                                                | printWidth
=====================================input======================================
/**
 * @providesModule dupe
 * @format
 * @flow
 */

=====================================output=====================================
/**
 * @providesModule dupe
 * @format
 * @flow
 */

================================================================================
`;

exports[`dupe2.js 1`] = `
====================================options=====================================
parsers: ["flow"]
printWidth: 80
                                                                                | printWidth
=====================================input======================================
/**
 * @providesModule dupe
 * @format
 * @flow
 */

=====================================output=====================================
/**
 * @providesModule dupe
 * @format
 * @flow
 */

================================================================================
`;
