// Jest Snapshot v1, https://goo.gl/fbAQLP

exports[`main.js 1`] = `
====================================options=====================================
parsers: ["flow"]
printWidth: 80
                                                                                | printWidth
=====================================input======================================
// @flow
var React = require('react');
(<fbs />: React$Element<*>);
(<fbs />: number); // Error: ReactElement ~> number

=====================================output=====================================
// @flow
var React = require("react");
(<fbs />: React$Element<*>);
(<fbs />: number); // Error: ReactElement ~> number

================================================================================
`;
