// Jest Snapshot v1, https://goo.gl/fbAQLP

exports[`comments.ts format 1`] = `
====================================options=====================================
parsers: ["typescript", "flow"]
printWidth: 80
                                                                                | printWidth
=====================================input======================================
type A1 =
  /* 1 */ | /* 2 */ (
    /* 3 */ | /* 4 */ {
        key: string;
      }
  );

=====================================output=====================================
type A1 /* 2 */ = /* 1 */ /* 3 */ /* 4 */ {
  key: string;
};

================================================================================
`;

exports[`single-type.ts format 1`] = `
====================================options=====================================
parsers: ["typescript", "flow"]
printWidth: 80
                                                                                | printWidth
=====================================input======================================

type A1 =
  | (
    | (
      | {
          key: string;
        }
    )
  );
type A2 =
  | (
    | {
        key: string;
      }
    | {
        key: number;
      }
  );
type A3 =
  | ( | {
    key: string;
  } );
type A4 =
  | ( | ( | {
    key: string;
  } ) );
type A5 =
  | (
    | (
      | { key: string }
      | { key: string }
      | { key: string }
      | { key: string }
    )
    | { key: string }
    | { key: string }
  );
type A6 = | (
  /*1*/ | (
    | {
      key: string;
    }
  )
  );

type B1 =
  | (
    & (
      {
        value: string;
      }
    )
  );
type B2 =
  | (
    & (
      | (
        & (
          {
            value: string;
          }
        )
      )
    )
  );

=====================================output=====================================
type A1 = {
  key: string;
};
type A2 =
  | {
      key: string;
    }
  | {
      key: number;
    };
type A3 = {
  key: string;
};
type A4 = {
  key: string;
};
type A5 =
  | ({ key: string } | { key: string } | { key: string } | { key: string })
  | { key: string }
  | { key: string };
type A6 = /*1*/ {
  key: string;
};

type B1 = {
  value: string;
};
type B2 = {
  value: string;
};

================================================================================
`;
