// Jest Snapshot v1, https://goo.gl/fbAQLP

exports[`decls.js 1`] = `
====================================options=====================================
parsers: ["flow"]
printWidth: 80
                                                                                | printWidth
=====================================input======================================
//@flow

declare export opaque type LDefId;

=====================================output=====================================
//@flow

declare export opaque type LDefId;

================================================================================
`;
