// Jest Snapshot v1, https://goo.gl/fbAQLP

exports[`enums.ts error test 1`] = `
"Leading decorators must be attached to a class declaration (3:1)
   1 | // https://github.com/typescript-eslint/typescript-eslint/pull/2375
   2 | 
>  3 | @decorator()
     | ^^^^^^^^^^^^
>  4 | enum Direction {
     | ^^^^^^^^^^^^^^^^
>  5 |                Up = 1,
     | ^^^^^^^^^^^^^^^^
>  6 |   Down,
     | ^^^^^^^^^^^^^^^^
>  7 |   Left,
     | ^^^^^^^^^^^^^^^^
>  8 |   Right
     | ^^^^^^^^^^^^^^^^
>  9 | }
     | ^^
  10 | "
`;

exports[`enums.ts error test 2`] = `
"Leading decorators must be attached to a class declaration (4:1)
  2 | 
  3 | @decorator()
> 4 | enum Direction {
    | ^
  5 |                Up = 1,
  6 |   Down,
  7 |   Left,"
`;

exports[`function.ts error test 1`] = `
"Leading decorators must be attached to a class declaration (3:1)
  1 | // https://github.com/typescript-eslint/typescript-eslint/pull/2375
  2 | 
> 3 | @decorator()
    | ^^^^^^^^^^^^
> 4 | function foo(      ){}
    | ^^^^^^^^^^^^^^^^^^^^^^^
  5 | "
`;

exports[`function.ts error test 2`] = `
"Leading decorators must be attached to a class declaration (4:1)
  2 | 
  3 | @decorator()
> 4 | function foo(      ){}
    | ^
  5 | "
`;

exports[`interface.ts error test 1`] = `
"Leading decorators must be attached to a class declaration (4:1)
  2 | // #4632
  3 | 
> 4 | @hello()
    | ^^^^^^^^
> 5 | interface MyInterface {id: string;
    | ^^^^^^^^^^^^^^^^^^^^^^^^^^^^^^^^^^
> 6 | }
    | ^^
  7 | "
`;

exports[`interface.ts error test 2`] = `
"Leading decorators must be attached to a class declaration (5:1)
  3 | 
  4 | @hello()
> 5 | interface MyInterface {id: string;
    | ^
  6 | }
  7 | "
`;
