// Jest Snapshot v1, https://goo.gl/fbAQLP

exports[`test.js 1`] = `
====================================options=====================================
parsers: ["flow"]
printWidth: 80
                                                                                | printWidth
=====================================input======================================
/* @flow */

var x: ?number = 0;
if (x) {}

=====================================output=====================================
/* @flow */

var x: ?number = 0;
if (x) {
}

================================================================================
`;
